// Jest Snapshot v1, https://goo.gl/fbAQLP

exports[`Menu should render component 1`] = `
<div>
  <div
    class="sc-breuTD"
  >
    <div
      class="sc-ftvSup bWaAUx"
      data-testid="pagination-wrapper"
    >
      <div
        class="sc-papXJ ifiNAn"
        data-testid="back-ic"
      >
        <svg
          fill="currentColor"
          height="1.5em"
          stroke="currentColor"
          stroke-width="0"
          viewBox="0 0 20 20"
          width="1.5em"
          xmlns="http://www.w3.org/2000/svg"
        >
          <path
            clip-rule="evenodd"
            d="M9.707 16.707a1 1 0 01-1.414 0l-6-6a1 1 0 010-1.414l6-6a1 1 0 011.414 1.414L5.414 9H17a1 1 0 110 2H5.414l4.293 4.293a1 1 0 010 1.414z"
            fill-rule="evenodd"
          />
        </svg>
      </div>
      <p
        class="sc-jqUVSM eugsYg"
        data-testid="page-number-title"
      >
        Menus for Jul 16-Jul 22
      </p>
      <div
        class="sc-papXJ gIUWur"
        data-testid="forward-ic"
      >
        <svg
          fill="currentColor"
          height="1.5em"
          stroke="currentColor"
          stroke-width="0"
          viewBox="0 0 20 20"
          width="1.5em"
          xmlns="http://www.w3.org/2000/svg"
        >
          <path
            clip-rule="evenodd"
            d="M10.293 3.293a1 1 0 011.414 0l6 6a1 1 0 010 1.414l-6 6a1 1 0 01-1.414-1.414L14.586 11H3a1 1 0 110-2h11.586l-4.293-4.293a1 1 0 010-1.414z"
            fill-rule="evenodd"
          />
        </svg>
      </div>
    </div>
    <div
      class="sc-kDDrLX fvofKy"
    >
      <div
        class="sc-iqcoie larHiW"
      >
        <div
          class="sc-crXcEl gkNCdj"
        >
          <div
            class="sc-gKXOVf hUApTs"
            data-testid="67"
          >
            <div
              class="sc-eCYdqJ bjhUVy"
            >
              <div
                class="sc-jSMfEi ebJwAT"
                data-testid="delete-ic-67"
              >
                <svg
                  fill="currentColor"
                  height="1.5em"
                  stroke="currentColor"
                  stroke-width="0"
                  viewBox="0 0 1024 1024"
                  width="1.5em"
                  xmlns="http://www.w3.org/2000/svg"
                >
                  <path
                    d="M360 184h-8c4.4 0 8-3.6 8-8v8h304v-8c0 4.4 3.6 8 8 8h-8v72h72v-80c0-35.3-28.7-64-64-64H352c-35.3 0-64 28.7-64 64v80h72v-72zm504 72H160c-17.7 0-32 14.3-32 32v32c0 4.4 3.6 8 8 8h60.4l24.7 523c1.6 34.1 29.8 61 63.9 61h454c34.2 0 62.3-26.8 63.9-61l24.7-523H888c4.4 0 8-3.6 8-8v-32c0-17.7-14.3-32-32-32zM731.3 840H292.7l-24.2-512h487l-24.2 512z"
                  />
                </svg>
              </div>
              <div
                class="sc-jSMfEi ebJwAT"
                data-testid="edit-ic-67"
              >
                <svg
                  fill="currentColor"
                  height="1.2em"
                  stroke="currentColor"
                  stroke-width="0"
                  viewBox="0 0 24 24"
                  width="1.2em"
                  xmlns="http://www.w3.org/2000/svg"
                >
                  <path
                    d="M0 0h24v24H0z"
                    fill="none"
                  />
                  <path
                    d="M3 17.25V21h3.75L17.81 9.94l-3.75-3.75L3 17.25zM20.71 7.04a.996.996 0 000-1.41l-2.34-2.34a.996.996 0 00-1.41 0l-1.83 1.83 3.75 3.75 1.83-1.83z"
                  />
                </svg>
              </div>
            </div>
            <div
              class="sc-iBkjds"
              data-testid="card-content-67"
            >
              <img
                alt="card-image-67"
                class="sc-bczRLJ blDScb"
                data-testid="card-image-67"
                src="https://img.hellofresh.com/c_fill,f_auto,fl_lossy,h_432,q_auto,w_768/hellofresh_s3/image/plant-based-chickpea-burrito-bowl-0411d2cf.jpg"
              />
              <div
                class="sc-gsnTZi hhwjBW"
              >
                <h3
                  class="sc-dkzDqf knkAIX"
                  data-testid="card-title-67"
                >
                  Plant-Based Chickpea Burrito Bowl
                </h3>
                <div
                  class="sc-hKMtZM"
                  data-testid="card-description-67"
                >
                  with Pickled Onion Salsa & Cheeze
                </div>
              </div>
            </div>
          </div>
        </div>
        <div
          class="sc-crXcEl gkNCdj"
        >
          <div
            class="sc-gKXOVf hUApTs"
            data-testid="68"
          >
            <div
              class="sc-eCYdqJ bjhUVy"
            >
              <div
                class="sc-jSMfEi ebJwAT"
                data-testid="delete-ic-68"
              >
                <svg
                  fill="currentColor"
                  height="1.5em"
                  stroke="currentColor"
                  stroke-width="0"
                  viewBox="0 0 1024 1024"
                  width="1.5em"
                  xmlns="http://www.w3.org/2000/svg"
                >
                  <path
                    d="M360 184h-8c4.4 0 8-3.6 8-8v8h304v-8c0 4.4 3.6 8 8 8h-8v72h72v-80c0-35.3-28.7-64-64-64H352c-35.3 0-64 28.7-64 64v80h72v-72zm504 72H160c-17.7 0-32 14.3-32 32v32c0 4.4 3.6 8 8 8h60.4l24.7 523c1.6 34.1 29.8 61 63.9 61h454c34.2 0 62.3-26.8 63.9-61l24.7-523H888c4.4 0 8-3.6 8-8v-32c0-17.7-14.3-32-32-32zM731.3 840H292.7l-24.2-512h487l-24.2 512z"
                  />
                </svg>
              </div>
              <div
                class="sc-jSMfEi ebJwAT"
                data-testid="edit-ic-68"
              >
                <svg
                  fill="currentColor"
                  height="1.2em"
                  stroke="currentColor"
                  stroke-width="0"
                  viewBox="0 0 24 24"
                  width="1.2em"
                  xmlns="http://www.w3.org/2000/svg"
                >
                  <path
                    d="M0 0h24v24H0z"
                    fill="none"
                  />
                  <path
                    d="M3 17.25V21h3.75L17.81 9.94l-3.75-3.75L3 17.25zM20.71 7.04a.996.996 0 000-1.41l-2.34-2.34a.996.996 0 00-1.41 0l-1.83 1.83 3.75 3.75 1.83-1.83z"
                  />
                </svg>
              </div>
            </div>
            <div
              class="sc-iBkjds"
              data-testid="card-content-68"
            >
              <img
                alt="card-image-68"
                class="sc-bczRLJ blDScb"
                data-testid="card-image-68"
                src="https://img.hellofresh.com/c_fill,f_auto,fl_lossy,h_432,q_auto,w_768/hellofresh_s3/image/potato-cauliflower-sage-gratin-45956770.jpg"
              />
              <div
                class="sc-gsnTZi hhwjBW"
              >
                <h3
                  class="sc-dkzDqf knkAIX"
                  data-testid="card-title-68"
                >
                  Potato, Cauliflower & Thyme Gratin
                </h3>
                <div
                  class="sc-hKMtZM"
                  data-testid="card-description-68"
                >
                  with Pear Salad & Almonds
                </div>
              </div>
            </div>
          </div>
        </div>
        <div
          class="sc-crXcEl gkNCdj"
        >
          <div
            class="sc-gKXOVf hUApTs"
            data-testid="69"
          >
            <div
              class="sc-eCYdqJ bjhUVy"
            >
              <div
                class="sc-jSMfEi ebJwAT"
                data-testid="delete-ic-69"
              >
                <svg
                  fill="currentColor"
                  height="1.5em"
                  stroke="currentColor"
                  stroke-width="0"
                  viewBox="0 0 1024 1024"
                  width="1.5em"
                  xmlns="http://www.w3.org/2000/svg"
                >
                  <path
                    d="M360 184h-8c4.4 0 8-3.6 8-8v8h304v-8c0 4.4 3.6 8 8 8h-8v72h72v-80c0-35.3-28.7-64-64-64H352c-35.3 0-64 28.7-64 64v80h72v-72zm504 72H160c-17.7 0-32 14.3-32 32v32c0 4.4 3.6 8 8 8h60.4l24.7 523c1.6 34.1 29.8 61 63.9 61h454c34.2 0 62.3-26.8 63.9-61l24.7-523H888c4.4 0 8-3.6 8-8v-32c0-17.7-14.3-32-32-32zM731.3 840H292.7l-24.2-512h487l-24.2 512z"
                  />
                </svg>
              </div>
              <div
                class="sc-jSMfEi ebJwAT"
                data-testid="edit-ic-69"
              >
                <svg
                  fill="currentColor"
                  height="1.2em"
                  stroke="currentColor"
                  stroke-width="0"
                  viewBox="0 0 24 24"
                  width="1.2em"
                  xmlns="http://www.w3.org/2000/svg"
                >
                  <path
                    d="M0 0h24v24H0z"
                    fill="none"
                  />
                  <path
                    d="M3 17.25V21h3.75L17.81 9.94l-3.75-3.75L3 17.25zM20.71 7.04a.996.996 0 000-1.41l-2.34-2.34a.996.996 0 00-1.41 0l-1.83 1.83 3.75 3.75 1.83-1.83z"
                  />
                </svg>
              </div>
            </div>
            <div
              class="sc-iBkjds"
              data-testid="card-content-69"
            >
              <img
                alt="card-image-69"
                class="sc-bczRLJ blDScb"
                data-testid="card-image-69"
                src="https://img.hellofresh.com/c_fill,f_auto,fl_lossy,h_432,q_auto,w_768/hellofresh_s3/image/cheesy-bbq-baked-beans-047f2e7f.jpg"
              />
              <div
                class="sc-gsnTZi hhwjBW"
              >
                <h3
                  class="sc-dkzDqf knkAIX"
                  data-testid="card-title-69"
                >
                  Cheesy BBQ Baked Beans
                </h3>
                <div
                  class="sc-hKMtZM"
                  data-testid="card-description-69"
                >
                  with Sweetcorn, Herby Garlic Bread & Jalapeños
                </div>
              </div>
            </div>
          </div>
        </div>
        <div
          class="sc-crXcEl gkNCdj"
        >
          <div
            class="sc-gKXOVf hUApTs"
            data-testid="70"
          >
            <div
              class="sc-eCYdqJ bjhUVy"
            >
              <div
                class="sc-jSMfEi ebJwAT"
                data-testid="delete-ic-70"
              >
                <svg
                  fill="currentColor"
                  height="1.5em"
                  stroke="currentColor"
                  stroke-width="0"
                  viewBox="0 0 1024 1024"
                  width="1.5em"
                  xmlns="http://www.w3.org/2000/svg"
                >
                  <path
                    d="M360 184h-8c4.4 0 8-3.6 8-8v8h304v-8c0 4.4 3.6 8 8 8h-8v72h72v-80c0-35.3-28.7-64-64-64H352c-35.3 0-64 28.7-64 64v80h72v-72zm504 72H160c-17.7 0-32 14.3-32 32v32c0 4.4 3.6 8 8 8h60.4l24.7 523c1.6 34.1 29.8 61 63.9 61h454c34.2 0 62.3-26.8 63.9-61l24.7-523H888c4.4 0 8-3.6 8-8v-32c0-17.7-14.3-32-32-32zM731.3 840H292.7l-24.2-512h487l-24.2 512z"
                  />
                </svg>
              </div>
              <div
                class="sc-jSMfEi ebJwAT"
                data-testid="edit-ic-70"
              >
                <svg
                  fill="currentColor"
                  height="1.2em"
                  stroke="currentColor"
                  stroke-width="0"
                  viewBox="0 0 24 24"
                  width="1.2em"
                  xmlns="http://www.w3.org/2000/svg"
                >
                  <path
                    d="M0 0h24v24H0z"
                    fill="none"
                  />
                  <path
                    d="M3 17.25V21h3.75L17.81 9.94l-3.75-3.75L3 17.25zM20.71 7.04a.996.996 0 000-1.41l-2.34-2.34a.996.996 0 00-1.41 0l-1.83 1.83 3.75 3.75 1.83-1.83z"
                  />
                </svg>
              </div>
            </div>
            <div
              class="sc-iBkjds"
              data-testid="card-content-70"
            >
              <img
                alt="card-image-70"
                class="sc-bczRLJ blDScb"
                data-testid="card-image-70"
                src="https://img.hellofresh.com/c_fill,f_auto,fl_lossy,h_432,q_auto,w_768/hellofresh_s3/image/spiced-chicken-bocconcini-salad-b45b95ca.jpg"
              />
              <div
                class="sc-gsnTZi hhwjBW"
              >
                <h3
                  class="sc-dkzDqf knkAIX"
                  data-testid="card-title-70"
                >
                  Chicken & Bocconcini Salad with Semi-Dried Tomatoes & Pesto
                </h3>
                <div
                  class="sc-hKMtZM"
                  data-testid="card-description-70"
                >
                  Pre-Prepped | Three Steps | Ready in 15
                </div>
              </div>
            </div>
          </div>
        </div>
        <div
          class="sc-crXcEl gkNCdj"
        >
          <div
            class="sc-gKXOVf hUApTs"
            data-testid="71"
          >
            <div
              class="sc-eCYdqJ bjhUVy"
            >
              <div
                class="sc-jSMfEi ebJwAT"
                data-testid="delete-ic-71"
              >
                <svg
                  fill="currentColor"
                  height="1.5em"
                  stroke="currentColor"
                  stroke-width="0"
                  viewBox="0 0 1024 1024"
                  width="1.5em"
                  xmlns="http://www.w3.org/2000/svg"
                >
                  <path
                    d="M360 184h-8c4.4 0 8-3.6 8-8v8h304v-8c0 4.4 3.6 8 8 8h-8v72h72v-80c0-35.3-28.7-64-64-64H352c-35.3 0-64 28.7-64 64v80h72v-72zm504 72H160c-17.7 0-32 14.3-32 32v32c0 4.4 3.6 8 8 8h60.4l24.7 523c1.6 34.1 29.8 61 63.9 61h454c34.2 0 62.3-26.8 63.9-61l24.7-523H888c4.4 0 8-3.6 8-8v-32c0-17.7-14.3-32-32-32zM731.3 840H292.7l-24.2-512h487l-24.2 512z"
                  />
                </svg>
              </div>
              <div
                class="sc-jSMfEi ebJwAT"
                data-testid="edit-ic-71"
              >
                <svg
                  fill="currentColor"
                  height="1.2em"
                  stroke="currentColor"
                  stroke-width="0"
                  viewBox="0 0 24 24"
                  width="1.2em"
                  xmlns="http://www.w3.org/2000/svg"
                >
                  <path
                    d="M0 0h24v24H0z"
                    fill="none"
                  />
                  <path
                    d="M3 17.25V21h3.75L17.81 9.94l-3.75-3.75L3 17.25zM20.71 7.04a.996.996 0 000-1.41l-2.34-2.34a.996.996 0 00-1.41 0l-1.83 1.83 3.75 3.75 1.83-1.83z"
                  />
                </svg>
              </div>
            </div>
            <div
              class="sc-iBkjds"
              data-testid="card-content-71"
            >
              <img
                alt="card-image-71"
                class="sc-bczRLJ blDScb"
                data-testid="card-image-71"
                src="https://img.hellofresh.com/c_fill,f_auto,fl_lossy,h_432,q_auto,w_768/hellofresh_s3/image/malaysian-tofu-noodle-stir-fry-914ba9f2.jpg"
              />
              <div
                class="sc-gsnTZi hhwjBW"
              >
                <h3
                  class="sc-dkzDqf knkAIX"
                  data-testid="card-title-71"
                >
                  Malaysian Tofu & Noodle Stir-Fry
                </h3>
                <div
                  class="sc-hKMtZM"
                  data-testid="card-description-71"
                >
                  with Veggies & Fried Egg
                </div>
              </div>
            </div>
          </div>
        </div>
      </div>
    </div>
  </div>
</div>
`;
